warning: `VIRTUAL_ENV=/Users/pashvel/Desktop/sapi-config-lab/.venv` does not match the project environment path `.venv` and will be ignored; use `--active` to target the active environment instead
test_documentation_is_not_part_of_any_prompt (tests.test_packaging.PackagingTests.test_documentation_is_not_part_of_any_prompt) ... ok
test_evaluation_does_not_trust_a_recorded_engine_success (tests.test_packaging.PackagingTests.test_evaluation_does_not_trust_a_recorded_engine_success) ... ok
test_every_benchmark_is_complete_and_its_fixtures_stay_out_of_the_image (tests.test_packaging.PackagingTests.test_every_benchmark_is_complete_and_its_fixtures_stay_out_of_the_image) ... ok
test_every_provider_scrubs_its_own_modules (tests.test_packaging.PackagingTests.test_every_provider_scrubs_its_own_modules) ... ok
test_every_scrubbed_evaluator_module_still_exists (tests.test_packaging.PackagingTests.test_every_scrubbed_evaluator_module_still_exists) ... ok
test_experiments_reject_code_from_a_different_installation (tests.test_packaging.PackagingTests.test_experiments_reject_code_from_a_different_installation) ... ok
test_generation_prompts_are_byte_identical_to_the_recorded_ones (tests.test_packaging.PackagingTests.test_generation_prompts_are_byte_identical_to_the_recorded_ones) ... ok
test_generation_removes_reference_locations_and_filters_hidden_cases (tests.test_packaging.PackagingTests.test_generation_removes_reference_locations_and_filters_hidden_cases) ... ok
test_hosted_catalogs_have_no_reduced_arm (tests.test_packaging.PackagingTests.test_hosted_catalogs_have_no_reduced_arm) ... ok
test_hosted_packages_scrub_the_evaluator_and_carry_no_hidden_data (tests.test_packaging.PackagingTests.test_hosted_packages_scrub_the_evaluator_and_carry_no_hidden_data) ... ok
test_oracle_packages_take_current_sources_and_only_own_cases (tests.test_packaging.PackagingTests.test_oracle_packages_take_current_sources_and_only_own_cases) ... ok
test_source_inventory_discovers_new_behavior_but_never_local_snapshots (tests.test_packaging.PackagingTests.test_source_inventory_discovers_new_behavior_but_never_local_snapshots) ... ok
test_source_provenance_covers_relocated_behavior_and_dependencies (tests.test_packaging.PackagingTests.test_source_provenance_covers_relocated_behavior_and_dependencies) ... ok
test_the_hosted_worker_imports_nothing_scrubbed_from_its_container (tests.test_packaging.PackagingTests.test_the_hosted_worker_imports_nothing_scrubbed_from_its_container) ... ok
test_the_reduced_catalog_arm_changes_only_the_catalog_section (tests.test_packaging.PackagingTests.test_the_reduced_catalog_arm_changes_only_the_catalog_section) ... ok
test_a_changed_runtime_is_rejected_before_any_judgement (tests.test_evidence_boundary.EvidenceBoundaryTests.test_a_changed_runtime_is_rejected_before_any_judgement) ... ok
test_a_record_of_other_fixture_inputs_is_rejected_even_with_a_consistent_manifest (tests.test_evidence_boundary.EvidenceBoundaryTests.test_a_record_of_other_fixture_inputs_is_rejected_even_with_a_consistent_manifest) ... ok
test_a_success_without_native_records_is_rejected_before_judgement (tests.test_evidence_boundary.EvidenceBoundaryTests.test_a_success_without_native_records_is_rejected_before_judgement) ... ok
test_an_incomplete_observation_is_rejected (tests.test_evidence_boundary.EvidenceBoundaryTests.test_an_incomplete_observation_is_rejected) ... ok
test_an_observation_of_another_plan_or_submission_is_rejected (tests.test_evidence_boundary.EvidenceBoundaryTests.test_an_observation_of_another_plan_or_submission_is_rejected) ... ok
test_evidence_edited_after_collection_is_rejected (tests.test_evidence_boundary.EvidenceBoundaryTests.test_evidence_edited_after_collection_is_rejected) ... ok
test_no_observation_is_never_a_pass (tests.test_evidence_boundary.EvidenceBoundaryTests.test_no_observation_is_never_a_pass) ... ok
test_reevaluation_is_deterministic_and_leaves_the_evidence_untouched (tests.test_evidence_boundary.EvidenceBoundaryTests.test_reevaluation_is_deterministic_and_leaves_the_evidence_untouched) ... ok
test_the_plan_names_every_case_and_every_probe (tests.test_evidence_boundary.EvidenceBoundaryTests.test_the_plan_names_every_case_and_every_probe) ... ok
test_a_compile_error_needs_no_native_execution_artifacts (tests.test_evidence_boundary.RecordedRunTests.test_a_compile_error_needs_no_native_execution_artifacts) ... ok
test_a_missing_native_artifact_is_rejected_even_when_unlisted (tests.test_evidence_boundary.RecordedRunTests.test_a_missing_native_artifact_is_rejected_even_when_unlisted) ... ok
test_an_accepted_run_evaluates_twice_without_changing_its_evidence (tests.test_evidence_boundary.RecordedRunTests.test_an_accepted_run_evaluates_twice_without_changing_its_evidence) ... ok
test_an_edited_native_record_is_rejected (tests.test_evidence_boundary.RecordedRunTests.test_an_edited_native_record_is_rejected) ... ok
test_an_edited_workflow_is_rejected_even_with_a_consistent_manifest (tests.test_evidence_boundary.RecordedRunTests.test_an_edited_workflow_is_rejected_even_with_a_consistent_manifest) ... ok
test_extra_files_are_rejected_wherever_they_appear (tests.test_evidence_boundary.RecordedRunTests.test_extra_files_are_rejected_wherever_they_appear) ... ok
test_extracted_run_data_must_match_every_native_record (tests.test_evidence_boundary.RecordedRunTests.test_extracted_run_data_must_match_every_native_record) ... ok
test_deterministic_nop_requires_zero_reward_and_no_exception (tests.test_transport_controls.HostedNopPolicyTests.test_deterministic_nop_requires_zero_reward_and_no_exception) ... ok
test_unscored_nop_accepts_only_the_expected_missing_reward_exception (tests.test_transport_controls.HostedNopPolicyTests.test_unscored_nop_accepts_only_the_expected_missing_reward_exception) ... ok
test_author_does_not_follow_a_redirect (tests.test_transport_controls.RedirectTests.test_author_does_not_follow_a_redirect) ... /Users/pashvel/.local/share/uv/python/cpython-3.14.8-macos-aarch64-none/lib/python3.14/tempfile.py:484: ResourceWarning: Implicitly cleaning up <HTTPError 302: 'Found'>
  _warnings.warn(self.warn_message, ResourceWarning)
ok
test_hosted_worker_does_not_forward_its_bearer_to_a_redirect (tests.test_transport_controls.RedirectTests.test_hosted_worker_does_not_forward_its_bearer_to_a_redirect) ... ok
test_harbor_is_reached_only_through_new_integration (tests.test_boundaries.MigrationOwnershipTests.test_harbor_is_reached_only_through_new_integration) ... ok
test_new_core_cannot_import_benchmarks_or_legacy_business (tests.test_boundaries.MigrationOwnershipTests.test_new_core_cannot_import_benchmarks_or_legacy_business) ... ok
test_no_additional_benchmark_or_harbor_imports (tests.test_boundaries.MigrationOwnershipTests.test_no_additional_benchmark_or_harbor_imports) ... ok
test_core_modules_reach_providers_only_through_the_provider_table (tests.test_boundaries.StageBoundaryTests.test_core_modules_reach_providers_only_through_the_provider_table) ... ok
test_every_module_has_a_stage (tests.test_boundaries.StageBoundaryTests.test_every_module_has_a_stage) ... ok
test_experiments_reach_harbor_bridges_and_staging_only_through_a_run (tests.test_boundaries.StageBoundaryTests.test_experiments_reach_harbor_bridges_and_staging_only_through_a_run) ... ok
test_fixture_machinery_does_not_select_business_rules_by_benchmark_name (tests.test_boundaries.StageBoundaryTests.test_fixture_machinery_does_not_select_business_rules_by_benchmark_name) ... ok
test_imports_follow_stage_rules (tests.test_boundaries.StageBoundaryTests.test_imports_follow_stage_rules) ... ok
test_nothing_outside_coordinate_reaches_for_modules_dynamically (tests.test_boundaries.StageBoundaryTests.test_nothing_outside_coordinate_reaches_for_modules_dynamically) ... ok
test_only_authoring_and_coordination_import_harbor (tests.test_boundaries.StageBoundaryTests.test_only_authoring_and_coordination_import_harbor) ... ok
test_only_coordination_and_providers_import_provider_modules (tests.test_boundaries.StageBoundaryTests.test_only_coordination_and_providers_import_provider_modules) ... ok

----------------------------------------------------------------------
Ran 46 tests in 2.694s

OK
