warning: `VIRTUAL_ENV=/Users/pashvel/Desktop/work/backend/.venv` does not match the project environment path `.venv` and will be ignored; use `--active` to target the active environment instead
[1/5] unittest
test_budget_must_be_explicit_bounded_and_cannot_resume_existing_audit (test_agency.BridgeContractTests.test_budget_must_be_explicit_bounded_and_cannot_resume_existing_audit) ... ok
test_duplicate_and_invalid_request_never_reach_upstream_again (test_agency.BridgeContractTests.test_duplicate_and_invalid_request_never_reach_upstream_again) ... ok
test_failed_wrapper_is_not_success (test_agency.BridgeContractTests.test_failed_wrapper_is_not_success) ... ok
test_failure_disarms_later_dispatch_and_timeout_outcome_stays_unknown (test_agency.BridgeContractTests.test_failure_disarms_later_dispatch_and_timeout_outcome_stays_unknown) ... ok
test_invalid_results_fail_closed (test_agency.BridgeContractTests.test_invalid_results_fail_closed) ... ok
test_no_nonfinite_numbers_or_bool_as_integer (test_agency.BridgeContractTests.test_no_nonfinite_numbers_or_bool_as_integer) ... ok
test_no_upstream_for_bad_input_or_arbitrary_prompt (test_agency.BridgeContractTests.test_no_upstream_for_bad_input_or_arbitrary_prompt) ... ok
test_outgoing_audit_is_written_before_dispatch_and_budget_latches (test_agency.BridgeContractTests.test_outgoing_audit_is_written_before_dispatch_and_budget_latches) ... ok
test_success_preserves_id_and_only_exposes_model_id (test_agency.BridgeContractTests.test_success_preserves_id_and_only_exposes_model_id) ... ok
test_cli_compile_and_execute_use_supplied_backend (test_backend_contract.BackendContractTests.test_cli_compile_and_execute_use_supplied_backend) ... ok
test_cli_help_separates_the_two_command_tiers (test_backend_contract.BackendContractTests.test_cli_help_separates_the_two_command_tiers) ... ok
test_cli_invalid_shape_has_field_error_without_traceback (test_backend_contract.BackendContractTests.test_cli_invalid_shape_has_field_error_without_traceback) ... ok
test_invalid_definition_never_reaches_engine (test_backend_contract.BackendContractTests.test_invalid_definition_never_reaches_engine) ... ok
test_n8n_adapter_preserves_supported_and_unsupported_profile (test_backend_contract.BackendContractTests.test_n8n_adapter_preserves_supported_and_unsupported_profile) ... ok
test_recursive_yaml_is_reported_without_serialization_crash (test_backend_contract.BackendContractTests.test_recursive_yaml_is_reported_without_serialization_crash) ... ok
test_runner_uses_injected_backend_and_leaves_acceptance_unevaluated (test_backend_contract.BackendContractTests.test_runner_uses_injected_backend_and_leaves_acceptance_unevaluated) ... ok
test_core_modules_reach_providers_only_through_the_provider_table (test_boundaries.StageBoundaryTests.test_core_modules_reach_providers_only_through_the_provider_table) ... ok
test_every_module_has_a_stage (test_boundaries.StageBoundaryTests.test_every_module_has_a_stage) ... ok
test_experiments_reach_harbor_bridges_and_staging_only_through_a_run (test_boundaries.StageBoundaryTests.test_experiments_reach_harbor_bridges_and_staging_only_through_a_run) ... ok
test_fixture_machinery_does_not_select_business_rules_by_benchmark_name (test_boundaries.StageBoundaryTests.test_fixture_machinery_does_not_select_business_rules_by_benchmark_name) ... ok
test_imports_follow_stage_rules (test_boundaries.StageBoundaryTests.test_imports_follow_stage_rules) ... ok
test_nothing_outside_coordinate_reaches_for_modules_dynamically (test_boundaries.StageBoundaryTests.test_nothing_outside_coordinate_reaches_for_modules_dynamically) ... ok
test_only_authoring_and_coordination_import_harbor (test_boundaries.StageBoundaryTests.test_only_authoring_and_coordination_import_harbor) ... ok
test_only_coordination_and_providers_import_provider_modules (test_boundaries.StageBoundaryTests.test_only_coordination_and_providers_import_provider_modules) ... ok
test_a_failed_stage_is_named_and_later_stages_still_run (test_check_command.CheckCommandTests.test_a_failed_stage_is_named_and_later_stages_still_run) ... ok
test_every_required_check_runs_in_this_interpreter (test_check_command.CheckCommandTests.test_every_required_check_runs_in_this_interpreter) ... ok
test_crm_result_does_not_require_checkout_artifact (test_checkout_reporting.TerminalSubmissionTests.test_crm_result_does_not_require_checkout_artifact) ... ok
test_empty_explanation_remains_semantic_judge_responsibility (test_checkout_reporting.TerminalSubmissionTests.test_empty_explanation_remains_semantic_judge_responsibility) ... ok
test_native_success_without_valid_submission_is_not_completion (test_checkout_reporting.TerminalSubmissionTests.test_native_success_without_valid_submission_is_not_completion) ... ok
test_runtime_failure_cannot_be_replaced_by_reported_success (test_checkout_reporting.TerminalSubmissionTests.test_runtime_failure_cannot_be_replaced_by_reported_success) ... ok
test_timeout_never_admits_a_late_successful_answer (test_checkout_reporting.TerminalSubmissionTests.test_timeout_never_admits_a_late_successful_answer) ... ok
test_valid_native_output_is_submitted_verbatim (test_checkout_reporting.TerminalSubmissionTests.test_valid_native_output_is_submitted_verbatim) ... ok
test_environment_metadata_never_loads_or_validates_a_scoring_contract (test_evaluator_contracts.EvaluatorContractTests.test_environment_metadata_never_loads_or_validates_a_scoring_contract) ... ok
test_options_are_small_and_immutable (test_evaluator_contracts.EvaluatorContractTests.test_options_are_small_and_immutable) ... ok
test_result_shape_rejects_malformed_results_at_dispatch (test_evaluator_contracts.EvaluatorContractTests.test_result_shape_rejects_malformed_results_at_dispatch) ... ok
test_a_changed_runtime_is_rejected_before_any_judgement (test_evidence_boundary.EvidenceBoundaryTests.test_a_changed_runtime_is_rejected_before_any_judgement) ... ok
test_a_record_of_other_fixture_inputs_is_rejected_even_with_a_consistent_manifest (test_evidence_boundary.EvidenceBoundaryTests.test_a_record_of_other_fixture_inputs_is_rejected_even_with_a_consistent_manifest) ... ok
test_a_success_without_native_records_is_rejected_before_judgement (test_evidence_boundary.EvidenceBoundaryTests.test_a_success_without_native_records_is_rejected_before_judgement) ... ok
test_an_incomplete_observation_is_rejected (test_evidence_boundary.EvidenceBoundaryTests.test_an_incomplete_observation_is_rejected) ... ok
test_an_observation_of_another_plan_or_submission_is_rejected (test_evidence_boundary.EvidenceBoundaryTests.test_an_observation_of_another_plan_or_submission_is_rejected) ... ok
test_evidence_edited_after_collection_is_rejected (test_evidence_boundary.EvidenceBoundaryTests.test_evidence_edited_after_collection_is_rejected) ... ok
test_no_observation_is_never_a_pass (test_evidence_boundary.EvidenceBoundaryTests.test_no_observation_is_never_a_pass) ... ok
test_reevaluation_is_deterministic_and_leaves_the_evidence_untouched (test_evidence_boundary.EvidenceBoundaryTests.test_reevaluation_is_deterministic_and_leaves_the_evidence_untouched) ... ok
test_the_plan_names_every_case_and_every_probe (test_evidence_boundary.EvidenceBoundaryTests.test_the_plan_names_every_case_and_every_probe) ... ok
test_a_compile_error_needs_no_native_execution_artifacts (test_evidence_boundary.RecordedRunTests.test_a_compile_error_needs_no_native_execution_artifacts) ... ok
test_a_missing_native_artifact_is_rejected_even_when_unlisted (test_evidence_boundary.RecordedRunTests.test_a_missing_native_artifact_is_rejected_even_when_unlisted) ... ok
test_an_accepted_run_evaluates_twice_without_changing_its_evidence (test_evidence_boundary.RecordedRunTests.test_an_accepted_run_evaluates_twice_without_changing_its_evidence) ... ok
test_an_edited_native_record_is_rejected (test_evidence_boundary.RecordedRunTests.test_an_edited_native_record_is_rejected) ... ok
test_an_edited_workflow_is_rejected_even_with_a_consistent_manifest (test_evidence_boundary.RecordedRunTests.test_an_edited_workflow_is_rejected_even_with_a_consistent_manifest) ... ok
test_extra_files_are_rejected_wherever_they_appear (test_evidence_boundary.RecordedRunTests.test_extra_files_are_rejected_wherever_they_appear) ... ok
test_extracted_run_data_must_match_every_native_record (test_evidence_boundary.RecordedRunTests.test_extracted_run_data_must_match_every_native_record) ... ok
test_lifecycle_admission_and_backend_use_selected_catalog_without_default_fallback (test_fixture_bindings.FixtureBindingsTests.test_lifecycle_admission_and_backend_use_selected_catalog_without_default_fallback) ... ok
test_selected_catalog_is_public_prompt_and_trusted_execution_input (test_fixture_bindings.FixtureBindingsTests.test_selected_catalog_is_public_prompt_and_trusted_execution_input) ... ok
test_a_new_fixture_uses_standard_plan_evidence_and_corruption_checks (test_fixture_ownership.FixtureOwnershipTests.test_a_new_fixture_uses_standard_plan_evidence_and_corruption_checks) ... ok
test_freshness_requires_an_explicit_evaluator_contract (test_fixture_ownership.FixtureOwnershipTests.test_freshness_requires_an_explicit_evaluator_contract) ... ok
test_audit_does_not_store_raw_stderr (test_generation.GenerationTests.test_audit_does_not_store_raw_stderr) ... ok
test_compile_failure_is_reported_separately (test_generation.GenerationTests.test_compile_failure_is_reported_separately) ... ok
test_observed_tools_cannot_be_called_clean (test_generation.GenerationTests.test_observed_tools_cannot_be_called_clean) ... ok
test_packages_have_no_solutions_or_reference_configs (test_generation.GenerationTests.test_packages_have_no_solutions_or_reference_configs) ... ok
test_replay_packages_preserve_exact_selected_bytes_and_reject_bad_selection (test_generation.GenerationTests.test_replay_packages_preserve_exact_selected_bytes_and_reject_bad_selection) ... ok
test_reward_alone_is_not_success (test_generation.GenerationTests.test_reward_alone_is_not_success) ... ok
test_an_agent_that_runs_commands_needs_a_separate_environment (test_harbor_settings.AgentTests.test_an_agent_that_runs_commands_needs_a_separate_environment) ... ok
test_each_package_states_the_deadline_it_was_sized_for (test_harbor_settings.DeadlineBudgetTests.test_each_package_states_the_deadline_it_was_sized_for) ... ok
test_the_packaged_command_reads_the_budget_beside_its_cases (test_harbor_settings.DeadlineBudgetTests.test_the_packaged_command_reads_the_budget_beside_its_cases) ... ok
test_the_verifier_plans_nothing_for_a_longer_deadline (test_harbor_settings.DeadlineBudgetTests.test_the_verifier_plans_nothing_for_a_longer_deadline) ... ok
test_a_job_contains_every_trial_at_its_own_limits_and_plan_estimate (test_harbor_settings.OuterTimeoutTests.test_a_job_contains_every_trial_at_its_own_limits_and_plan_estimate) ... ok
test_run_harbor_derives_its_timeout_from_the_staged_bounds (test_harbor_settings.OuterTimeoutTests.test_run_harbor_derives_its_timeout_from_the_staged_bounds) ... ok
test_a_name_must_be_safe_to_render (test_harbor_settings.ScenarioSettingsTests.test_a_name_must_be_safe_to_render) ... ok
test_a_section_overrides_only_its_own_keys (test_harbor_settings.ScenarioSettingsTests.test_a_section_overrides_only_its_own_keys) ... ok
test_an_environment_must_be_known_and_judged_by_one_of_its_evaluators (test_harbor_settings.ScenarioSettingsTests.test_an_environment_must_be_known_and_judged_by_one_of_its_evaluators) ... ok
test_every_environment_names_only_registered_evaluators (test_harbor_settings.ScenarioSettingsTests.test_every_environment_names_only_registered_evaluators) ... ok
test_values_are_bounded_integers_with_known_keys (test_harbor_settings.ScenarioSettingsTests.test_values_are_bounded_integers_with_known_keys) ... ok
test_a_replayed_long_deadline_is_refused (test_harbor_settings.StagingTests.test_a_replayed_long_deadline_is_refused) ... ok
test_a_valid_timeout_is_rendered_into_task_toml (test_harbor_settings.StagingTests.test_a_valid_timeout_is_rendered_into_task_toml) ... ok
test_an_insufficient_timeout_refuses_staging_before_writing (test_harbor_settings.StagingTests.test_an_insufficient_timeout_refuses_staging_before_writing) ... ok
test_every_scenario_stages_in_every_mode (test_harbor_settings.StagingTests.test_every_scenario_stages_in_every_mode) ... ok
test_hosted_scenarios_need_room_for_a_run (test_harbor_settings.StagingTests.test_hosted_scenarios_need_room_for_a_run) ... ok
test_a_multi_case_plan_counts_every_sequential_execution (test_harbor_settings.VerifierBoundTests.test_a_multi_case_plan_counts_every_sequential_execution) ... ok
test_an_unexecutable_deadline_leaves_only_a_live_grant (test_harbor_settings.VerifierBoundTests.test_an_unexecutable_deadline_leaves_only_a_live_grant) ... ok
test_hosted_runs_wait_on_begin_the_workflow_and_finish (test_harbor_settings.VerifierBoundTests.test_hosted_runs_wait_on_begin_the_workflow_and_finish) ... ok
test_the_bound_is_the_verifiers_own_plan_for_every_case_set (test_harbor_settings.VerifierBoundTests.test_the_bound_is_the_verifiers_own_plan_for_every_case_set) ... ok
test_the_format_states_the_authored_deadline (test_harbor_settings.VerifierBoundTests.test_the_format_states_the_authored_deadline) ... ok
test_finish_rpc_includes_declared_evaluation_duration (test_hosted_lifetime.ComposedBudgetTests.test_finish_rpc_includes_declared_evaluation_duration) ... ok
test_longer_environment_and_evaluator_limits_reach_grant_and_harbor_budget (test_hosted_lifetime.ComposedBudgetTests.test_longer_environment_and_evaluator_limits_reach_grant_and_harbor_budget) ... ok
test_multiple_attempts_cannot_reuse_one_hosted_environment (test_hosted_lifetime.ComposedBudgetTests.test_multiple_attempts_cannot_reuse_one_hosted_environment) ... ok
test_abort_retains_state_and_transport_without_inventing_native_outcome_or_acceptance (test_hosted_lifetime.HostedLifetimeTests.test_abort_retains_state_and_transport_without_inventing_native_outcome_or_acceptance) ... ok
test_environment_collection_failure_preserves_other_evidence_and_never_evaluates (test_hosted_lifetime.HostedLifetimeTests.test_environment_collection_failure_preserves_other_evidence_and_never_evaluates) ... ok
test_evaluation_failure_leaves_evidence_complete_and_unchanged (test_hosted_lifetime.HostedLifetimeTests.test_evaluation_failure_leaves_evidence_complete_and_unchanged) ... ok
test_finish_and_timeout_race_has_one_immutable_terminal_record (test_hosted_lifetime.HostedLifetimeTests.test_finish_and_timeout_race_has_one_immutable_terminal_record) ... ok
test_real_deadline_persists_without_finish_and_rejects_late_overwrite (test_hosted_lifetime.HostedLifetimeTests.test_real_deadline_persists_without_finish_and_rejects_late_overwrite) ... ok
test_advertised_model_operations_fail_clearly_in_stub_mode_and_compile_live (test_hosted_preflight.HostedPreflightTests.test_advertised_model_operations_fail_clearly_in_stub_mode_and_compile_live) ... ok
test_crm_model_candidate_admits_without_running_a_stub_or_environment (test_hosted_preflight.HostedPreflightTests.test_crm_model_candidate_admits_without_running_a_stub_or_environment) ... ok
test_hosted_admission_never_starts_a_world (test_hosted_preflight.PreflightExecutionTests.test_hosted_admission_never_starts_a_world) ... ok
test_local_capability_discovery_matches_the_executable_table (test_hosted_preflight.PreflightExecutionTests.test_local_capability_discovery_matches_the_executable_table) ... ok
test_a_nop_trial_is_rejected_unscored_and_passes_its_control (test_hosted_provider.FakeProviderTests.test_a_nop_trial_is_rejected_unscored_and_passes_its_control) ... ok
test_a_recorded_trial_is_reevaluated_by_its_provider (test_hosted_provider.FakeProviderTests.test_a_recorded_trial_is_reevaluated_by_its_provider) ... ok
test_a_trial_runs_end_to_end_through_the_real_host_and_evaluator_seam (test_hosted_provider.FakeProviderTests.test_a_trial_runs_end_to_end_through_the_real_host_and_evaluator_seam) ... ok
test_staging_builds_a_hosted_package_from_the_table_entry (test_hosted_provider.FakeProviderTests.test_staging_builds_a_hosted_package_from_the_table_entry) ... ok
test_state_acceptance_is_independent_of_native_success_and_terminal_completion (test_hosted_provider.FakeProviderTests.test_state_acceptance_is_independent_of_native_success_and_terminal_completion) ... ok
test_the_scenario_loads_hosted_and_only_with_its_own_evaluator (test_hosted_provider.FakeProviderTests.test_the_scenario_loads_hosted_and_only_with_its_own_evaluator) ... ok
test_bad_prose_does_not_rewrite_good_business_state_or_official_rubric (test_judge_calibration.CalibrationTests.test_bad_prose_does_not_rewrite_good_business_state_or_official_rubric) ... ok
test_control_condition_and_result_identity_are_frozen (test_judge_calibration.CalibrationTests.test_control_condition_and_result_identity_are_frozen) ... ok
test_misleading_claims_preserve_failed_environment_and_expose_wrong_judgement (test_judge_calibration.CalibrationTests.test_misleading_claims_preserve_failed_environment_and_expose_wrong_judgement) ... ok
test_missing_or_demo_results_are_never_live_calibration_passes (test_judge_calibration.CalibrationTests.test_missing_or_demo_results_are_never_live_calibration_passes) ... ok
test_admitted_candidate_compiles_once_and_takes_its_event_and_deadline_at_run_time (test_lifecycle.LifecycleTests.test_admitted_candidate_compiles_once_and_takes_its_event_and_deadline_at_run_time) ... ok
test_an_ordinary_case_needs_no_binding_and_ignores_a_supplied_event (test_lifecycle.LifecycleTests.test_an_ordinary_case_needs_no_binding_and_ignores_a_supplied_event) ... ok
test_callback_releases_exact_tested_definition_and_duplicate_survives_restart (test_lifecycle.LifecycleTests.test_callback_releases_exact_tested_definition_and_duplicate_survives_restart) ... ok
test_crash_after_reservation_is_unknown_on_restart_and_never_repeats (test_lifecycle.LifecycleTests.test_crash_after_reservation_is_unknown_on_restart_and_never_repeats) ... ok
test_cron_admits_only_current_due_minute_and_deduplicates_across_restart (test_lifecycle.LifecycleTests.test_cron_admits_only_current_due_minute_and_deduplicates_across_restart) ... ok
test_empty_callback_condition_and_invalid_cron_cannot_start_native_work (test_lifecycle.LifecycleTests.test_empty_callback_condition_and_invalid_cron_cannot_start_native_work) ... ok
test_exhausted_rebuilds_suspend_and_create_adhoc_without_accepted_revision (test_lifecycle.LifecycleTests.test_exhausted_rebuilds_suspend_and_create_adhoc_without_accepted_revision) ... ok
test_literal_preview_is_rejected_even_if_its_output_looks_plausible (test_lifecycle.LifecycleTests.test_literal_preview_is_rejected_even_if_its_output_looks_plausible) ... ok
test_new_candidate_waits_for_in_flight_cron_and_restore_does_not_replay (test_lifecycle.LifecycleTests.test_new_candidate_waits_for_in_flight_cron_and_restore_does_not_replay) ... ok
test_overlapping_cron_is_skipped_while_admitted_run_keeps_its_revision (test_lifecycle.LifecycleTests.test_overlapping_cron_is_skipped_while_admitted_run_keeps_its_revision) ... ok
test_rebuilder_cannot_relax_acceptance_or_mutate_original_definition (test_lifecycle.LifecycleTests.test_rebuilder_cannot_relax_acceptance_or_mutate_original_definition) ... ok
test_rejection_builds_a_persisted_fork_then_archives_and_tests_new_revision (test_lifecycle.LifecycleTests.test_rejection_builds_a_persisted_fork_then_archives_and_tests_new_revision) ... ok
test_restart_finishes_a_durable_native_result_without_reexecuting (test_lifecycle.LifecycleTests.test_restart_finishes_a_durable_native_result_without_reexecuting) ... ok
test_restore_archived_definition_never_replays_or_retargets_cron (test_lifecycle.LifecycleTests.test_restore_archived_definition_never_replays_or_retargets_cron) ... ok
test_harbor_report_does_not_require_opening_the_shared_log_mount (test_lifecycle_verification.LifecycleSubmissionTests.test_harbor_report_does_not_require_opening_the_shared_log_mount) ... ok
test_task_constraints_are_enforced (test_lifecycle_verification.LifecycleSubmissionTests.test_task_constraints_are_enforced) ... ok
test_task_extension_is_scoped_and_has_no_reference_solution (test_lifecycle_verification.LifecycleSubmissionTests.test_task_extension_is_scoped_and_has_no_reference_solution) ... ok
test_accepted_native_test_releases_exact_revision (test_lifecycle_verification.LifecycleVerificationTests.test_accepted_native_test_releases_exact_revision) ... ok
test_controller_pass_cannot_override_actual_nonpreview_output (test_lifecycle_verification.LifecycleVerificationTests.test_controller_pass_cannot_override_actual_nonpreview_output) ... ok
test_genuine_rejected_output_requires_persisted_fork_before_archive_and_new_test (test_lifecycle_verification.LifecycleVerificationTests.test_genuine_rejected_output_requires_persisted_fork_before_archive_and_new_test) ... ok
test_real_execution_of_wrong_literal_input_is_a_business_rejection (test_lifecycle_verification.LifecycleVerificationTests.test_real_execution_of_wrong_literal_input_is_a_business_rejection) ... ok
test_revision_hash_order_and_source_corruptions_fail (test_lifecycle_verification.LifecycleVerificationTests.test_revision_hash_order_and_source_corruptions_fail) ... ok
test_same_value_literal_output_does_not_prove_declared_preview_origin (test_lifecycle_verification.LifecycleVerificationTests.test_same_value_literal_output_does_not_prove_declared_preview_origin) ... ok
test_status_only_or_mock_backend_cannot_prove_native_execution (test_lifecycle_verification.LifecycleVerificationTests.test_status_only_or_mock_backend_cannot_prove_native_execution) ... ok
test_loopback_stays_the_default (test_live.BridgeBindingTests.test_loopback_stays_the_default) ... ok
test_the_bridge_listens_where_containers_are_routed (test_live.BridgeBindingTests.test_the_bridge_listens_where_containers_are_routed) ... ok
test_the_bridge_process_binds_and_probes_the_configured_address (test_live.BridgeBindingTests.test_the_bridge_process_binds_and_probes_the_configured_address) ... ok
test_every_machine_setting_has_an_environment_override (test_live.HostConfigTests.test_every_machine_setting_has_an_environment_override) ... ok
test_an_unscored_trial_is_complete_only_without_a_reference_reward (test_live.HostedTrialCheckTests.test_an_unscored_trial_is_complete_only_without_a_reference_reward) ... ok
test_canonical_input_hash_is_key_order_independent_and_rejects_nonfinite (test_live.LiveEvidenceTests.test_canonical_input_hash_is_key_order_independent_and_rejects_nonfinite) ... ok
test_dispatch_response_and_native_records_must_all_agree (test_live.LiveEvidenceTests.test_dispatch_response_and_native_records_must_all_agree) ... ok
test_missing_or_tampered_selection_and_existing_output_never_dispatch (test_live.LiveEvidenceTests.test_missing_or_tampered_selection_and_existing_output_never_dispatch) ... ok
test_source_and_image_gate_rejects_success_from_other_sources (test_live.LiveEvidenceTests.test_source_and_image_gate_rejects_success_from_other_sources) ... ok
test_truncated_audit_is_never_accepted (test_live.LiveEvidenceTests.test_truncated_audit_is_never_accepted) ... ok
test_a_relocated_wrapper_is_named_explicitly_and_still_hash_checked (test_live.WrapperIdentityTests.test_a_relocated_wrapper_is_named_explicitly_and_still_hash_checked) ... ok
test_wrapper_file_arguments_are_explicit_pairs (test_live.WrapperIdentityTests.test_wrapper_file_arguments_are_explicit_pairs) ... ok
test_native_live_chain_is_required_even_when_authored_trace_is_complete (test_n8n_evidence.NativeLiveEvidenceTests.test_native_live_chain_is_required_even_when_authored_trace_is_complete) ... ok
test_skipped_live_occurrence_requires_native_false_channel_and_no_request (test_n8n_evidence.NativeLiveEvidenceTests.test_skipped_live_occurrence_requires_native_false_channel_and_no_request) ... ok
test_array_root_preserves_repeated_object_references (test_n8n_evidence.PersistedEvidenceTests.test_array_root_preserves_repeated_object_references) ... ok
test_object_root_decodes_empty_and_nested_arrays (test_n8n_evidence.PersistedEvidenceTests.test_object_root_decodes_empty_and_nested_arrays) ... ok
test_case_grants_are_the_verifiers_expected_calls_for_every_live_case (test_occurrence_budget.OccurrenceBudgetTests.test_case_grants_are_the_verifiers_expected_calls_for_every_live_case) ... ok
test_refinement_attempts_have_distinct_bounded_native_occurrences (test_occurrence_budget.OccurrenceBudgetTests.test_refinement_attempts_have_distinct_bounded_native_occurrences) ... ok
test_ui_budget_rejects_an_unowned_native_workflow_before_dispatch (test_occurrence_budget.OccurrenceBudgetTests.test_ui_budget_rejects_an_unowned_native_workflow_before_dispatch) ... ok
test_wrong_occurrence_never_spends_an_allowed_operation_budget (test_occurrence_budget.OccurrenceBudgetTests.test_wrong_occurrence_never_spends_an_allowed_operation_budget) ... ok
test_zero_call_and_expired_cases_cannot_dispatch (test_occurrence_budget.OccurrenceBudgetTests.test_zero_call_and_expired_cases_cannot_dispatch) ... ok
test_observation_keeps_step_identity_and_requires_each_native_occurrence (test_occurrences.OccurrenceObservationTests.test_observation_keeps_step_identity_and_requires_each_native_occurrence) ... ok
test_stub_record_with_unexpected_agency_call_is_rejected (test_occurrences.OccurrenceObservationTests.test_stub_record_with_unexpected_agency_call_is_rejected) ... ok
test_cycle_control_uses_graph_edges_when_steps_are_reordered (test_occurrences.OccurrenceTests.test_cycle_control_uses_graph_edges_when_steps_are_reordered) ... ok
test_role_binding_accepts_renamed_ids_but_rejects_wrong_input_origin (test_occurrences.OccurrenceTests.test_role_binding_accepts_renamed_ids_but_rejects_wrong_input_origin) ... ok
test_both_chains_are_observed_and_both_terminal_envelopes_required (test_occurrences.RepeatedOperationTests.test_both_chains_are_observed_and_both_terminal_envelopes_required) ... ok
test_input_rejection_identifies_the_intended_repeated_operation (test_occurrences.RepeatedOperationTests.test_input_rejection_identifies_the_intended_repeated_operation) ... ok
test_wrong_origin_swapped_outputs_and_duplicate_trace_fail_closed (test_occurrences.RepeatedOperationTests.test_wrong_origin_swapped_outputs_and_duplicate_trace_fail_closed) ... ok
test_generic_script_tool_is_native_http_and_needs_explicit_connection (test_operation_transport.OperationTransportTests.test_generic_script_tool_is_native_http_and_needs_explicit_connection) ... ok
test_malformed_tool_envelopes_are_not_successful_observations (test_operation_transport.OperationTransportTests.test_malformed_tool_envelopes_are_not_successful_observations) ... ok
test_secrets_are_deployment_data_and_untrusted_urls_are_rejected (test_operation_transport.OperationTransportTests.test_secrets_are_deployment_data_and_untrusted_urls_are_rejected) ... ok
test_skipped_tool_does_not_build_request_or_attach_response (test_operation_transport.OperationTransportTests.test_skipped_tool_does_not_build_request_or_attach_response) ... ok
test_tools_do_not_acquire_scenario_specific_compiler_rules (test_operation_transport.OperationTransportTests.test_tools_do_not_acquire_scenario_specific_compiler_rules) ... ok
test_transport_preserves_tool_failure_as_observation_and_original_context (test_operation_transport.OperationTransportTests.test_transport_preserves_tool_failure_as_observation_and_original_context) ... ok
test_unused_http_catalog_entries_do_not_change_existing_workflows (test_operation_transport.OperationTransportTests.test_unused_http_catalog_entries_do_not_change_existing_workflows) ... ok
test_documentation_is_not_part_of_any_prompt (test_packaging.PackagingTests.test_documentation_is_not_part_of_any_prompt) ... ok
test_evaluation_does_not_trust_a_recorded_engine_success (test_packaging.PackagingTests.test_evaluation_does_not_trust_a_recorded_engine_success) ... ok
test_every_benchmark_is_complete_and_its_fixtures_stay_out_of_the_image (test_packaging.PackagingTests.test_every_benchmark_is_complete_and_its_fixtures_stay_out_of_the_image) ... ok
test_every_provider_scrubs_its_own_modules (test_packaging.PackagingTests.test_every_provider_scrubs_its_own_modules) ... ok
test_every_scrubbed_evaluator_module_still_exists (test_packaging.PackagingTests.test_every_scrubbed_evaluator_module_still_exists) ... ok
test_experiments_reject_code_from_a_different_installation (test_packaging.PackagingTests.test_experiments_reject_code_from_a_different_installation) ... ok
test_generation_prompts_are_byte_identical_to_the_recorded_ones (test_packaging.PackagingTests.test_generation_prompts_are_byte_identical_to_the_recorded_ones) ... ok
test_generation_removes_reference_locations_and_filters_hidden_cases (test_packaging.PackagingTests.test_generation_removes_reference_locations_and_filters_hidden_cases) ... ok
test_hosted_catalogs_have_no_reduced_arm (test_packaging.PackagingTests.test_hosted_catalogs_have_no_reduced_arm) ... ok
test_hosted_packages_scrub_the_evaluator_and_carry_no_hidden_data (test_packaging.PackagingTests.test_hosted_packages_scrub_the_evaluator_and_carry_no_hidden_data) ... ok
test_oracle_packages_take_current_sources_and_only_own_cases (test_packaging.PackagingTests.test_oracle_packages_take_current_sources_and_only_own_cases) ... ok
test_source_inventory_discovers_new_behavior_but_never_local_snapshots (test_packaging.PackagingTests.test_source_inventory_discovers_new_behavior_but_never_local_snapshots) ... ok
test_source_provenance_covers_relocated_behavior_and_dependencies (test_packaging.PackagingTests.test_source_provenance_covers_relocated_behavior_and_dependencies) ... ok
test_the_hosted_worker_imports_nothing_scrubbed_from_its_container (test_packaging.PackagingTests.test_the_hosted_worker_imports_nothing_scrubbed_from_its_container) ... ok
test_the_reduced_catalog_arm_changes_only_the_catalog_section (test_packaging.PackagingTests.test_the_reduced_catalog_arm_changes_only_the_catalog_section) ... ok
test_binding_schema_rejects_unhashable_required_and_type_members (test_profile_validation.ProfileValidationTests.test_binding_schema_rejects_unhashable_required_and_type_members) ... ok
test_extensions_validate_nested_fields_before_rejecting_capability (test_profile_validation.ProfileValidationTests.test_extensions_validate_nested_fields_before_rejecting_capability) ... ok
test_invalid_shapes_report_the_offending_field (test_profile_validation.ProfileValidationTests.test_invalid_shapes_report_the_offending_field) ... ok
test_non_json_yaml_values_and_recursive_aliases_are_rejected (test_profile_validation.ProfileValidationTests.test_non_json_yaml_values_and_recursive_aliases_are_rejected) ... ok
test_yaml_syntax_and_non_string_keys_have_readable_locations (test_profile_validation.ProfileValidationTests.test_yaml_syntax_and_non_string_keys_have_readable_locations) ... ok
test_actual_response_is_preserved_and_same_reservation_cannot_repeat (test_rebuilder.RebuilderTests.test_actual_response_is_preserved_and_same_reservation_cannot_repeat) ... ok
test_missing_or_wrong_model_and_boolean_exit_code_fail_closed (test_rebuilder.RebuilderTests.test_missing_or_wrong_model_and_boolean_exit_code_fail_closed) ... ok
test_unknown_wrapper_outcome_is_saved_and_not_retried (test_rebuilder.RebuilderTests.test_unknown_wrapper_outcome_is_saved_and_not_retried) ... ok
test_exhaustion_preserves_three_rejections_but_no_accepted_result (test_refinement.RefinementTests.test_exhaustion_preserves_three_rejections_but_no_accepted_result) ... ok
test_first_acceptance_stops_before_any_later_attempt (test_refinement.RefinementTests.test_first_acceptance_stops_before_any_later_attempt) ... ok
test_generic_lowering_also_handles_a_script_only_workflow (test_refinement.RefinementTests.test_generic_lowering_also_handles_a_script_only_workflow) ... ok
test_live_attempts_have_distinct_admission_ids_and_remaining_timeouts (test_refinement.RefinementTests.test_live_attempts_have_distinct_admission_ids_and_remaining_timeouts) ... ok
test_rejected_answer_and_actual_feedback_feed_next_native_attempt (test_refinement.RefinementTests.test_rejected_answer_and_actual_feedback_feed_next_native_attempt) ... ok
test_total_deadline_prevents_first_operation_when_already_expired (test_refinement.RefinementTests.test_total_deadline_prevents_first_operation_when_already_expired) ... ok
test_expected_exhaustion_passes_the_case_without_an_accepted_reply (test_refinement_admission.RefinementAdmissionTests.test_expected_exhaustion_passes_the_case_without_an_accepted_reply) ... ok
test_package_is_authoring_without_manual_solution_and_declares_real_refinement (test_refinement_admission.RefinementAdmissionTests.test_package_is_authoring_without_manual_solution_and_declares_real_refinement) ... ok
test_coherent_but_false_review_is_rejected_independently (test_refinement_verification.ExtensionVerificationTests.test_coherent_but_false_review_is_rejected_independently) ... ok
test_execution_after_acceptance_and_premature_stop_rejected (test_refinement_verification.ExtensionVerificationTests.test_execution_after_acceptance_and_premature_stop_rejected) ... ok
test_failed_result_node_presence_does_not_mean_a_successful_output (test_refinement_verification.ExtensionVerificationTests.test_failed_result_node_presence_does_not_mean_a_successful_output) ... ok
test_first_or_later_acceptance_and_native_exhaustion (test_refinement_verification.ExtensionVerificationTests.test_first_or_later_acceptance_and_native_exhaustion) ... ok
test_history_without_native_attempt_is_rejected (test_refinement_verification.ExtensionVerificationTests.test_history_without_native_attempt_is_rejected) ... ok
test_length_rule_counts_utf16_units (test_refinement_verification.ExtensionVerificationTests.test_length_rule_counts_utf16_units) ... ok
test_native_evidence_corruptions_fail (test_refinement_verification.ExtensionVerificationTests.test_native_evidence_corruptions_fail) ... ok
test_stub_evidence_does_not_claim_live_calls (test_refinement_verification.ExtensionVerificationTests.test_stub_evidence_does_not_claim_live_calls) ... ok
test_fixture_detail_discovery_without_a_run_report_is_preserved (test_review_export.HostedReviewTests.test_fixture_detail_discovery_without_a_run_report_is_preserved) ... ok
test_host_report_overrides_container_copy_and_never_rewrites_rewards (test_review_export.HostedReviewTests.test_host_report_overrides_container_copy_and_never_rewrites_rewards) ... ok
test_missing_operation_dependencies_and_inputs_are_named (test_role_lineage.DiagnosticTests.test_missing_operation_dependencies_and_inputs_are_named) ... ok
test_the_furthest_failing_assignment_explains_a_repeated_operation (test_role_lineage.DiagnosticTests.test_the_furthest_failing_assignment_explains_a_repeated_operation) ... ok
test_the_operation_table_matches_the_catalog (test_role_lineage.DiagnosticTests.test_the_operation_table_matches_the_catalog) ... ok
test_the_restated_step_kinds_match_the_profile (test_role_lineage.DiagnosticTests.test_the_restated_step_kinds_match_the_profile) ... ok
test_wrong_actor_names_the_step_and_both_actors (test_role_lineage.DiagnosticTests.test_wrong_actor_names_the_step_and_both_actors) ... ok
test_projected_step_argument_and_nested_output_bind (test_role_lineage.EquivalentFormsTests.test_projected_step_argument_and_nested_output_bind) ... ok
test_projection_resolves_to_the_whole_closed_result (test_role_lineage.EquivalentFormsTests.test_projection_resolves_to_the_whole_closed_result) ... ok
test_refinement_accepts_the_projected_draft (test_role_lineage.EquivalentFormsTests.test_refinement_accepts_the_projected_draft) ... ok
test_the_recorded_rejected_submission_now_binds (test_role_lineage.EquivalentFormsTests.test_the_recorded_rejected_submission_now_binds) ... ok
test_optional_projection_is_not_a_skippable_whole_result (test_role_lineage.NonEquivalentFormsTests.test_optional_projection_is_not_a_skippable_whole_result) ... ok
test_partial_renamed_or_mixed_projections_stay_rejected (test_role_lineage.NonEquivalentFormsTests.test_partial_renamed_or_mixed_projections_stay_rejected) ... ok
test_a_card_stating_the_canonical_values_as_integers_is_accepted (test_rubric.AnswerValueTests.test_a_card_stating_the_canonical_values_as_integers_is_accepted) ... ok
test_a_card_that_reweights_an_answer_is_refused (test_rubric.AnswerValueTests.test_a_card_that_reweights_an_answer_is_refused) ... ok
test_a_non_numeric_answer_table_is_refused_before_any_dispatch (test_rubric.AnswerValueTests.test_a_non_numeric_answer_table_is_refused_before_any_dispatch) ... ok
test_a_failed_check_costs_its_weight_and_nothing_else (test_rubric.ArithmeticTests.test_a_failed_check_costs_its_weight_and_nothing_else) ... ok
test_every_card_weighs_ten_with_a_deterministic_majority (test_rubric.ArithmeticTests.test_every_card_weighs_ten_with_a_deterministic_majority)
Ten points per card, and no card leaves the majority to a judge. ... ok
test_naive_float_division_disagrees_for_the_count_the_module_states (test_rubric.ArithmeticTests.test_naive_float_division_disagrees_for_the_count_the_module_states) ... ok
test_points_come_from_the_canonical_table_not_the_cards_copy (test_rubric.ArithmeticTests.test_points_come_from_the_canonical_table_not_the_cards_copy) ... ok
test_the_card_records_its_own_identity_and_origin (test_rubric.ArithmeticTests.test_the_card_records_its_own_identity_and_origin) ... ok
test_the_digest_covers_every_field_the_document_prints_beside_it (test_rubric.ArithmeticTests.test_the_digest_covers_every_field_the_document_prints_beside_it) ... ok
test_the_recorded_checkout_criteria_reproduce_their_published_total (test_rubric.ArithmeticTests.test_the_recorded_checkout_criteria_reproduce_their_published_total) ... ok
test_the_reward_comes_off_the_same_decimal_as_the_score (test_rubric.ArithmeticTests.test_the_reward_comes_off_the_same_decimal_as_the_score) ... ok
test_the_score_rounds_half_up_at_exactly_two_decimals (test_rubric.ArithmeticTests.test_the_score_rounds_half_up_at_exactly_two_decimals) ... ok
test_a_rewritten_weight_is_a_judge_fault_and_never_a_score (test_rubric.CardRewriteTests.test_a_rewritten_weight_is_a_judge_fault_and_never_a_score) ... ok
test_an_untouched_card_still_scores (test_rubric.CardRewriteTests.test_an_untouched_card_still_scores) ... ok
test_rewritten_evidence_an_evaluator_or_an_anchor_is_a_judge_fault (test_rubric.CardRewriteTests.test_rewritten_evidence_an_evaluator_or_an_anchor_is_a_judge_fault) ... ok
test_zeroed_weights_degrade_instead_of_dividing_by_zero (test_rubric.CardRewriteTests.test_zeroed_weights_degrade_instead_of_dividing_by_zero) ... ok
test_a_deterministic_card_never_touches_a_judge_that_was_passed (test_rubric.DispatchTests.test_a_deterministic_card_never_touches_a_judge_that_was_passed) ... ok
test_a_judge_that_answers_nothing_is_a_judge_fault (test_rubric.DispatchTests.test_a_judge_that_answers_nothing_is_a_judge_fault) ... ok
test_a_non_executing_run_can_carry_no_judge_fault (test_rubric.DispatchTests.test_a_non_executing_run_can_carry_no_judge_fault) ... ok
test_a_non_executing_run_is_never_charged_for_a_judgement_it_discards (test_rubric.DispatchTests.test_a_non_executing_run_is_never_charged_for_a_judgement_it_discards) ... ok
test_one_run_costs_at_most_one_dispatch (test_rubric.DispatchTests.test_one_run_costs_at_most_one_dispatch) ... ok
test_the_reward_guard_sees_through_every_container (test_rubric.EveryKeyTests.test_the_reward_guard_sees_through_every_container) ... ok
test_a_card_built_from_a_list_stops_following_that_list (test_rubric.ImmutabilityTests.test_a_card_built_from_a_list_stops_following_that_list) ... ok
test_a_card_is_read_from_scenario_data_and_cannot_be_altered_in_process (test_rubric.ImmutabilityTests.test_a_card_is_read_from_scenario_data_and_cannot_be_altered_in_process) ... ok
test_a_judge_cannot_change_the_card_it_is_handed (test_rubric.ImmutabilityTests.test_a_judge_cannot_change_the_card_it_is_handed) ... ok
test_a_judge_reply_keeps_the_mappings_it_was_handed (test_rubric.ImmutabilityTests.test_a_judge_reply_keeps_the_mappings_it_was_handed) ... ok
test_mutating_a_dict_after_construction_does_not_change_a_card (test_rubric.ImmutabilityTests.test_mutating_a_dict_after_construction_does_not_change_a_card) ... ok
test_mutating_a_dict_after_construction_does_not_change_the_run_facts (test_rubric.ImmutabilityTests.test_mutating_a_dict_after_construction_does_not_change_the_run_facts) ... ok
test_references_given_as_one_string_are_refused_not_spread (test_rubric.ImmutabilityTests.test_references_given_as_one_string_are_refused_not_spread) ... ok
test_a_card_whose_llm_criterion_demands_verification_is_refused (test_rubric.JudgeVisibilityTests.test_a_card_whose_llm_criterion_demands_verification_is_refused) ... ok
test_judged_rows_do_not_claim_to_hold_judge_citations (test_rubric.JudgeVisibilityTests.test_judged_rows_do_not_claim_to_hold_judge_citations) ... ok
test_refs_keyed_by_a_deterministic_criterion_never_reach_the_judge (test_rubric.JudgeVisibilityTests.test_refs_keyed_by_a_deterministic_criterion_never_reach_the_judge) ... ok
test_the_judge_never_sees_the_protected_verification_narrative (test_rubric.JudgeVisibilityTests.test_the_judge_never_sees_the_protected_verification_narrative) ... ok
test_the_judge_receives_no_execution_flag_and_no_checks_at_all (test_rubric.JudgeVisibilityTests.test_the_judge_receives_no_execution_flag_and_no_checks_at_all) ... ok
test_the_judge_receives_only_the_criteria_it_must_answer (test_rubric.JudgeVisibilityTests.test_the_judge_receives_only_the_criteria_it_must_answer) ... ok
test_binary_cards_keep_the_existing_pass_fail_behaviour (test_rubric.RewardInvariantTests.test_binary_cards_keep_the_existing_pass_fail_behaviour) ... ok
test_no_scored_document_carries_a_harbor_reward_payload (test_rubric.RewardInvariantTests.test_no_scored_document_carries_a_harbor_reward_payload) ... ok
test_the_canonical_digest_agrees_with_the_upstream_adapter (test_rubric.SurfaceTests.test_the_canonical_digest_agrees_with_the_upstream_adapter) ... ok
test_the_canonical_digest_refuses_a_value_json_cannot_round_trip (test_rubric.SurfaceTests.test_the_canonical_digest_refuses_a_value_json_cannot_round_trip) ... ok
test_the_document_claims_its_own_schema_not_the_autowfbench_one (test_rubric.SurfaceTests.test_the_document_claims_its_own_schema_not_the_autowfbench_one) ... ok
test_the_module_exposes_only_the_documented_scoring_surface (test_rubric.SurfaceTests.test_the_module_exposes_only_the_documented_scoring_surface) ... ok
test_the_module_imports_nothing_that_could_touch_a_file_or_the_environment (test_rubric.SurfaceTests.test_the_module_imports_nothing_that_could_touch_a_file_or_the_environment) ... ok
test_a_caller_mistake_raised_inside_the_judge_is_not_degraded (test_rubric.UnscoredTests.test_a_caller_mistake_raised_inside_the_judge_is_not_degraded) ... ok
test_a_cancelled_dispatch_degrades_instead_of_escaping (test_rubric.UnscoredTests.test_a_cancelled_dispatch_degrades_instead_of_escaping) ... ok
test_a_dispatch_cancelled_inside_a_task_group_degrades_instead_of_escaping (test_rubric.UnscoredTests.test_a_dispatch_cancelled_inside_a_task_group_degrades_instead_of_escaping) ... ok
test_a_failed_judge_is_unscored_and_never_a_zero (test_rubric.UnscoredTests.test_a_failed_judge_is_unscored_and_never_a_zero) ... ok
test_a_reply_from_another_judge_prompt_or_run_is_not_awarded (test_rubric.UnscoredTests.test_a_reply_from_another_judge_prompt_or_run_is_not_awarded) ... ok
test_a_reply_whose_mappings_are_not_mappings_degrades (test_rubric.UnscoredTests.test_a_reply_whose_mappings_are_not_mappings_degrades) ... ok
test_a_run_that_did_not_execute_is_unscored_rather_than_scored_low (test_rubric.UnscoredTests.test_a_run_that_did_not_execute_is_unscored_rather_than_scored_low) ... ok
test_an_answer_outside_the_table_is_refused_rather_than_looked_up (test_rubric.UnscoredTests.test_an_answer_outside_the_table_is_refused_rather_than_looked_up) ... ok
test_an_incomplete_or_mismatched_reply_keeps_its_llm_criteria_unanswered (test_rubric.UnscoredTests.test_an_incomplete_or_mismatched_reply_keeps_its_llm_criteria_unanswered) ... ok
test_an_operator_interrupt_is_not_a_judge_fault (test_rubric.UnscoredTests.test_an_operator_interrupt_is_not_a_judge_fault) ... ok
test_an_unanswered_row_says_what_happened_rather_than_promising_a_retry (test_rubric.UnscoredTests.test_an_unanswered_row_says_what_happened_rather_than_promising_a_retry) ... ok
test_operator_intent_and_a_caller_mistake_keep_their_meaning_inside_a_group (test_rubric.UnscoredTests.test_operator_intent_and_a_caller_mistake_keep_their_meaning_inside_a_group) ... ok
test_a_missing_deterministic_check_is_an_error_not_a_no (test_rubric.ValidationTests.test_a_missing_deterministic_check_is_an_error_not_a_no) ... ok
test_a_weight_of_the_wrong_type_is_a_rubric_error_not_a_type_error (test_rubric.ValidationTests.test_a_weight_of_the_wrong_type_is_a_rubric_error_not_a_type_error) ... ok
test_an_llm_card_requires_a_judge (test_rubric.ValidationTests.test_an_llm_card_requires_a_judge) ... ok
test_an_unknown_scenario_has_no_card (test_rubric.ValidationTests.test_an_unknown_scenario_has_no_card) ... ok
test_required_evidence_must_be_satisfiable_before_a_judge_is_asked (test_rubric.ValidationTests.test_required_evidence_must_be_satisfiable_before_a_judge_is_asked) ... ok
test_unusable_cards_and_facts_are_rejected_before_scoring (test_rubric.ValidationTests.test_unusable_cards_and_facts_are_rejected_before_scoring) ... ok
test_a_case_whose_facts_cannot_be_collected_never_raises_and_is_not_scored (test_rubric_wiring.CardedScenarioTests.test_a_case_whose_facts_cannot_be_collected_never_raises_and_is_not_scored)
An unreadable fixture file is an environment fault, not a failed obligation. ... ok
test_a_failed_check_costs_its_weight_and_nothing_else (test_rubric_wiring.CardedScenarioTests.test_a_failed_check_costs_its_weight_and_nothing_else) ... ok
test_a_judge_answering_no_leaves_exactly_the_deterministic_points (test_rubric_wiring.CardedScenarioTests.test_a_judge_answering_no_leaves_exactly_the_deterministic_points) ... ok
test_an_honest_run_holds_every_named_check (test_rubric_wiring.CardedScenarioTests.test_an_honest_run_holds_every_named_check) ... ok
test_an_honest_run_is_accepted_unchanged (test_rubric_wiring.CardedScenarioTests.test_an_honest_run_is_accepted_unchanged) ... ok
test_each_named_check_fails_alone_and_acceptance_agrees (test_rubric_wiring.CardedScenarioTests.test_each_named_check_fails_alone_and_acceptance_agrees) ... ok
test_the_card_names_exactly_the_obligations_the_run_measures (test_rubric_wiring.CardedScenarioTests.test_the_card_names_exactly_the_obligations_the_run_measures) ... ok
test_the_judge_is_handed_the_declared_prose_and_nothing_else (test_rubric_wiring.CardedScenarioTests.test_the_judge_is_handed_the_declared_prose_and_nothing_else) ... ok
test_the_judge_sees_no_check_name_no_verdict_and_no_fixture_name (test_rubric_wiring.CardedScenarioTests.test_the_judge_sees_no_check_name_no_verdict_and_no_fixture_name) ... ok
test_a_binary_card_needs_no_judge_and_reads_acceptance (test_rubric_wiring.EvaluationTests.test_a_binary_card_needs_no_judge_and_reads_acceptance) ... ok
test_a_check_must_hold_in_every_case (test_rubric_wiring.EvaluationTests.test_a_check_must_hold_in_every_case) ... ok
test_a_failed_check_scores_below_the_total_without_touching_acceptance (test_rubric_wiring.EvaluationTests.test_a_failed_check_scores_below_the_total_without_touching_acceptance) ... ok
test_a_judge_scores_the_card_and_the_checks_carry_their_own_points (test_rubric_wiring.EvaluationTests.test_a_judge_scores_the_card_and_the_checks_carry_their_own_points) ... ok
test_a_judge_that_answers_no_leaves_the_six_deterministic_points (test_rubric_wiring.EvaluationTests.test_a_judge_that_answers_no_leaves_the_six_deterministic_points) ... ok
test_a_run_that_did_not_execute_is_unscored_and_costs_no_judgement (test_rubric_wiring.EvaluationTests.test_a_run_that_did_not_execute_is_unscored_and_costs_no_judgement) ... ok
test_a_run_that_produced_no_check_is_not_scored_and_costs_no_judgement (test_rubric_wiring.EvaluationTests.test_a_run_that_produced_no_check_is_not_scored_and_costs_no_judgement) ... ok
test_a_scenario_with_no_card_is_not_evaluated_at_all (test_rubric_wiring.EvaluationTests.test_a_scenario_with_no_card_is_not_evaluated_at_all) ... ok
test_without_a_judge_the_rubric_is_not_evaluated_rather_than_zero (test_rubric_wiring.EvaluationTests.test_without_a_judge_the_rubric_is_not_evaluated_rather_than_zero) ... ok
test_cases_reach_the_judge_as_ordinals_not_fixture_names (test_rubric_wiring.JudgeProseTests.test_cases_reach_the_judge_as_ordinals_not_fixture_names) ... ok
test_every_judged_source_the_card_declares_is_supplied (test_rubric_wiring.JudgeProseTests.test_every_judged_source_the_card_declares_is_supplied) ... ok
test_prose_is_the_run_s_own_draft_review_and_ticket (test_rubric_wiring.JudgeProseTests.test_prose_is_the_run_s_own_draft_review_and_ticket) ... ok
test_the_protected_narrative_is_supplied_and_never_forwarded (test_rubric_wiring.JudgeProseTests.test_the_protected_narrative_is_supplied_and_never_forwarded) ... ok
test_a_malformed_run_reports_a_failed_check_and_never_raises (test_rubric_wiring.NamedCheckTests.test_a_malformed_run_reports_a_failed_check_and_never_raises) ... ok
test_a_scenario_with_no_named_checks_produces_none (test_rubric_wiring.NamedCheckTests.test_a_scenario_with_no_named_checks_produces_none) ... ok
test_an_honest_packet_holds_every_named_check (test_rubric_wiring.NamedCheckTests.test_an_honest_packet_holds_every_named_check) ... ok
test_each_named_check_fails_alone_and_acceptance_agrees (test_rubric_wiring.NamedCheckTests.test_each_named_check_fails_alone_and_acceptance_agrees) ... ok
test_the_rubric_seam_imports_flat_beside_its_siblings (test_rubric_wiring.StandaloneDistributionTests.test_the_rubric_seam_imports_flat_beside_its_siblings) ... ok
test_a_rubric_scored_scenario_still_rewards_exactly_one_or_zero (test_rubric_wiring.VerifierSeamTests.test_a_rubric_scored_scenario_still_rewards_exactly_one_or_zero)
The two numbers are separate: a quality score of 6.0 is never the reward. ... ok
test_a_rubric_that_raises_still_leaves_a_report_and_a_verdict (test_rubric_wiring.VerifierSeamTests.test_a_rubric_that_raises_still_leaves_a_report_and_a_verdict) ... ok
test_a_scenario_without_a_card_writes_no_evaluation (test_rubric_wiring.VerifierSeamTests.test_a_scenario_without_a_card_writes_no_evaluation) ... ok
test_an_unreachable_judge_is_recorded_and_never_fails_the_verifier (test_rubric_wiring.VerifierSeamTests.test_an_unreachable_judge_is_recorded_and_never_fails_the_verifier) ... ok
test_every_carded_scenario_writes_one_beside_the_report (test_rubric_wiring.VerifierSeamTests.test_every_carded_scenario_writes_one_beside_the_report) ... ok
test_every_control_run_reads_the_reward_gate_from_one_place (test_rubric_wiring.VerifierSeamTests.test_every_control_run_reads_the_reward_gate_from_one_place) ... ok
test_the_container_derives_its_reward_from_acceptance_alone (test_rubric_wiring.VerifierSeamTests.test_the_container_derives_its_reward_from_acceptance_alone) ... ok
test_the_evaluation_lands_beside_the_report (test_rubric_wiring.VerifierSeamTests.test_the_evaluation_lands_beside_the_report) ... ok
test_the_rubric_cannot_change_the_verdict_or_the_reward (test_rubric_wiring.VerifierSeamTests.test_the_rubric_cannot_change_the_verdict_or_the_reward) ... ok
test_the_viewer_export_leaves_a_rubric_document_alone (test_rubric_wiring.VerifierSeamTests.test_the_viewer_export_leaves_a_rubric_document_alone)
It shares a file name with the task-evaluation document; the schema parts them. ... ok
test_a_ledger_held_by_another_process_admits_nothing (test_runs.LedgerTests.test_a_ledger_held_by_another_process_admits_nothing) ... ok
test_an_unknown_outcome_is_never_released (test_runs.LedgerTests.test_an_unknown_outcome_is_never_released) ... ok
test_failure_policy_repeats_and_reopening_are_fixed (test_runs.LedgerTests.test_failure_policy_repeats_and_reopening_are_fixed) ... ok
test_run_and_ledger_ceilings_are_both_enforced (test_runs.LedgerTests.test_run_and_ledger_ceilings_are_both_enforced) ... ok
test_a_cohort_larger_than_max_calls_never_reaches_harbor_or_the_ledger (test_runs.LiveCeilingTests.test_a_cohort_larger_than_max_calls_never_reaches_harbor_or_the_ledger) ... ok
test_a_pinned_input_changed_after_the_last_job_fails_the_run (test_runs.RunTests.test_a_pinned_input_changed_after_the_last_job_fails_the_run) ... ok
test_a_setup_failure_still_writes_a_failed_report (test_runs.RunTests.test_a_setup_failure_still_writes_a_failed_report) ... ok
test_a_staged_run_passes_its_final_check_before_staging_is_removed (test_runs.RunTests.test_a_staged_run_passes_its_final_check_before_staging_is_removed) ... ok
test_a_timeout_is_an_unknown_outcome_and_an_existing_directory_is_refused (test_runs.RunTests.test_a_timeout_is_an_unknown_outcome_and_an_existing_directory_is_refused) ... ok
test_staging_is_retained_when_jobs_cannot_be_collected (test_runs.RunTests.test_staging_is_retained_when_jobs_cannot_be_collected) ... ok
test_the_body_failure_is_kept_apart_from_cleanup_failures (test_runs.RunTests.test_the_body_failure_is_kept_apart_from_cleanup_failures) ... ok
test_bulletin_brief_checks_derived_quotes_and_facts_separately (test_scenario_business.ComposedBusinessTests.test_bulletin_brief_checks_derived_quotes_and_facts_separately) ... ok
test_normal_priority_propagates_all_skips_and_returns_null_brief (test_scenario_business.ComposedBusinessTests.test_normal_priority_propagates_all_skips_and_returns_null_brief) ... ok
test_repeated_invoice_operations_keep_two_separate_ledgers (test_scenario_business.ComposedBusinessTests.test_repeated_invoice_operations_keep_two_separate_ledgers) ... ok
test_support_packet_honestly_reports_utf16_review_and_error_order (test_scenario_business.ComposedBusinessTests.test_support_packet_honestly_reports_utf16_review_and_error_order) ... ok
test_all_four_optional_region_guards_are_required (test_scenario_business.ComposedLocalGraphTests.test_all_four_optional_region_guards_are_required) ... ok
test_all_positive_fixtures_satisfy_independent_business_obligations (test_scenario_business.ComposedLocalGraphTests.test_all_positive_fixtures_satisfy_independent_business_obligations) ... ok
test_fresh_private_overlay_keeps_all_positive_and_negative_obligations (test_scenario_business.ComposedLocalGraphTests.test_fresh_private_overlay_keeps_all_positive_and_negative_obligations) ... ok
test_full_classification_ticket_cannot_enter_reply_closed_schema (test_scenario_business.ComposedLocalGraphTests.test_full_classification_ticket_cannot_enter_reply_closed_schema) ... ok
test_invalid_fixtures_reject_in_local_driver (test_scenario_business.ComposedLocalGraphTests.test_invalid_fixtures_reject_in_local_driver) ... ok
test_ledger_metamorphisms_do_not_mix_counts_or_currencies (test_scenario_business.ComposedLocalGraphTests.test_ledger_metamorphisms_do_not_mix_counts_or_currencies) ... ok
test_support_boundary_and_same_reply_review_metamorphisms (test_scenario_business.ComposedLocalGraphTests.test_support_boundary_and_same_reply_review_metamorphisms) ... ok
test_private_overlay_changes_values_without_changing_acceptance_contracts (test_scenario_business.FixtureOverlayTests.test_private_overlay_changes_values_without_changing_acceptance_contracts) ... ok
test_generation_package_holds_only_its_prompt_and_given_cases (test_selection.PackageTests.test_generation_package_holds_only_its_prompt_and_given_cases) ... ok
test_a_failed_first_attempt_is_never_replaced_by_a_later_one (test_selection.SelectionTests.test_a_failed_first_attempt_is_never_replaced_by_a_later_one) ... ok
test_any_changed_byte_rejects_the_selection (test_selection.SelectionTests.test_any_changed_byte_rejects_the_selection) ... ok
test_the_first_started_attempt_is_selected_for_every_scenario (test_selection.SelectionTests.test_the_first_started_attempt_is_selected_for_every_scenario) ... ok
test_candidate_cannot_finalize_read_state_or_change_tool_contract (test_simulator_environment.OriginalEnvironmentTests.test_candidate_cannot_finalize_read_state_or_change_tool_contract) ... ok
test_close_is_idempotent_and_stops_candidate_calls (test_simulator_environment.OriginalEnvironmentTests.test_close_is_idempotent_and_stops_candidate_calls) ... ok
test_crm_original_case_passes_with_explicit_bounded_transient_retry (test_simulator_environment.OriginalEnvironmentTests.test_crm_original_case_passes_with_explicit_bounded_transient_retry) ... ok
test_known_receipt_replay_does_not_duplicate_create_or_send (test_simulator_environment.OriginalEnvironmentTests.test_known_receipt_replay_does_not_duplicate_create_or_send) ... ok
test_mutated_cache_is_rejected_before_startup (test_simulator_environment.OriginalEnvironmentTests.test_mutated_cache_is_rejected_before_startup) ... ok
test_new_session_resets_state_and_does_not_accept_other_session_token (test_simulator_environment.OriginalEnvironmentTests.test_new_session_resets_state_and_does_not_accept_other_session_token) ... ok
test_nonretryable_errors_and_explicit_attempt_limits_are_preserved (test_simulator_environment.OriginalEnvironmentTests.test_nonretryable_errors_and_explicit_attempt_limits_are_preserved) ... ok
test_operation_receipts_and_crm_failure_budget_reset_with_new_session (test_simulator_environment.OriginalEnvironmentTests.test_operation_receipts_and_crm_failure_budget_reset_with_new_session) ... ok
test_oracle_uses_original_effects_events_and_checks (test_simulator_environment.OriginalEnvironmentTests.test_oracle_uses_original_effects_events_and_checks) ... ok
test_original_tool_budget_and_patch_restrictions_are_not_replaced (test_simulator_environment.OriginalEnvironmentTests.test_original_tool_budget_and_patch_restrictions_are_not_replaced) ... ok
test_unknown_response_after_committed_side_effect_stops_all_redispatch (test_simulator_environment.OriginalEnvironmentTests.test_unknown_response_after_committed_side_effect_stops_all_redispatch) ... ok
test_explicit_fetch_is_pinned_atomic_and_reused_offline (test_simulator_environment.SourceCacheTests.test_explicit_fetch_is_pinned_atomic_and_reused_offline) ... ok
test_failed_download_never_publishes_partial_cache (test_simulator_environment.SourceCacheTests.test_failed_download_never_publishes_partial_cache) ... ok
test_import_shadow_and_symlink_sources_are_rejected (test_simulator_environment.SourceCacheTests.test_import_shadow_and_symlink_sources_are_rejected) ... ok
test_admission_enforces_the_runtime_cap_and_original_deadline (test_simulator_hosting.AdmissionTests.test_admission_enforces_the_runtime_cap_and_original_deadline) ... ok
test_an_unscored_run_writes_no_reward_file (test_simulator_hosting.HarborRewardTests.test_an_unscored_run_writes_no_reward_file) ... ok
test_the_worker_rewards_a_score_else_an_unscored_acceptance_and_never_invents_zero (test_simulator_hosting.HarborRewardTests.test_the_worker_rewards_a_score_else_an_unscored_acceptance_and_never_invents_zero) ... ok
test_deterministic_evaluator_rejects_irrelevant_judge_options (test_simulator_hosting.HostedEvaluationTests.test_deterministic_evaluator_rejects_irrelevant_judge_options) ... ok
test_each_hosted_scenario_is_frozen_up_front_and_reported_once (test_simulator_hosting.HostedEvaluationTests.test_each_hosted_scenario_is_frozen_up_front_and_reported_once) ... ok
test_reevaluation_uses_the_scenario_the_trial_names (test_simulator_hosting.HostedEvaluationTests.test_reevaluation_uses_the_scenario_the_trial_names) ... ok
test_a_leaked_credential_fails_the_job (test_simulator_hosting.HostingTests.test_a_leaked_credential_fails_the_job) ... ok
test_hosted_trial_uses_the_host_record_and_never_changes_pinned_packages (test_simulator_hosting.HostingTests.test_hosted_trial_uses_the_host_record_and_never_changes_pinned_packages) ... ok
test_simulator_tasks_cannot_run_without_a_host (test_simulator_hosting.HostingTests.test_simulator_tasks_cannot_run_without_a_host) ... ok
test_the_oracle_must_reproduce_the_reference_reward_with_a_complete_score (test_simulator_hosting.ScoredControlTests.test_the_oracle_must_reproduce_the_reference_reward_with_a_complete_score) ... ok
test_lifecycle_rows_without_a_case_kind_still_give_a_result (test_simulator_hosting.VerifierResultTests.test_lifecycle_rows_without_a_case_kind_still_give_a_result) ... ok
test_explicit_comparison_records_diff_without_updating_snapshot_or_manifest (test_spec_source.SpecSourceTests.test_explicit_comparison_records_diff_without_updating_snapshot_or_manifest) ... ok
test_offline_verification_rejects_modified_snapshot (test_spec_source.SpecSourceTests.test_offline_verification_rejects_modified_snapshot) ... ok
test_both_original_tasks_have_same_supported_contract_and_reject_invented_metrics (test_task_evaluation.PinnedEvaluationTests.test_both_original_tasks_have_same_supported_contract_and_reject_invented_metrics) ... ok
test_execution_pass_keeps_upstream_completion_requirement (test_task_evaluation.PinnedEvaluationTests.test_execution_pass_keeps_upstream_completion_requirement) ... ok
test_missing_failed_incomplete_and_invalid_judge_have_no_total (test_task_evaluation.PinnedEvaluationTests.test_missing_failed_incomplete_and_invalid_judge_have_no_total) ... ok
test_no_change_bad_patch_and_false_claims_cannot_override_environment (test_task_evaluation.PinnedEvaluationTests.test_no_change_bad_patch_and_false_claims_cannot_override_environment) ... ok
test_no_tool_actions_do_not_become_environment_evidence_from_candidate_claims (test_task_evaluation.PinnedEvaluationTests.test_no_tool_actions_do_not_become_environment_evidence_from_candidate_claims) ... ok
test_original_weighted_arithmetic_and_named_artifact_diagnostic (test_task_evaluation.PinnedEvaluationTests.test_original_weighted_arithmetic_and_named_artifact_diagnostic) ... ok
test_run_package_or_judge_evidence_cannot_change_after_freeze (test_task_evaluation.PinnedEvaluationTests.test_run_package_or_judge_evidence_cannot_change_after_freeze) ... ok
test_saved_judgement_rescores_without_dispatch_and_must_match_judge_and_run (test_task_evaluation.PinnedEvaluationTests.test_saved_judgement_rescores_without_dispatch_and_must_match_judge_and_run) ... ok
test_fractional_reward_requires_a_complete_matching_total (test_task_evaluation.RewardArtifactTests.test_fractional_reward_requires_a_complete_matching_total) ... ok
test_missing_judge_stays_unscored_and_cannot_reuse_a_prior_reward (test_task_evaluation.RewardArtifactTests.test_missing_judge_stays_unscored_and_cannot_reuse_a_prior_reward) ... ok
test_the_reward_comes_off_the_same_decimal_as_the_score (test_task_evaluation.RewardArtifactTests.test_the_reward_comes_off_the_same_decimal_as_the_score) ... ok
test_deterministic_nop_requires_zero_reward_and_no_exception (test_transport_controls.HostedNopPolicyTests.test_deterministic_nop_requires_zero_reward_and_no_exception) ... ok
test_unscored_nop_accepts_only_the_expected_missing_reward_exception (test_transport_controls.HostedNopPolicyTests.test_unscored_nop_accepts_only_the_expected_missing_reward_exception) ... ok
test_author_does_not_follow_a_redirect (test_transport_controls.RedirectTests.test_author_does_not_follow_a_redirect) ... /Users/pashvel/Desktop/sapi-config-lab/.python/cpython-3.14.8-macos-aarch64-none/lib/python3.14/tempfile.py:484: ResourceWarning: Implicitly cleaning up <HTTPError 302: 'Found'>
  _warnings.warn(self.warn_message, ResourceWarning)
ok
test_hosted_worker_does_not_forward_its_bearer_to_a_redirect (test_transport_controls.RedirectTests.test_hosted_worker_does_not_forward_its_bearer_to_a_redirect) ... ok
test_admission_requires_explicit_cap_and_unmodified_files_and_cannot_resume (test_ui.UiTests.test_admission_requires_explicit_cap_and_unmodified_files_and_cannot_resume) ... ok
test_failed_import_cannot_be_silently_retried (test_ui.UiTests.test_failed_import_cannot_be_silently_retried) ... ok
test_hosted_scenarios_are_refused_before_compilation (test_ui.UiTests.test_hosted_scenarios_are_refused_before_compilation) ... ok
test_imports_eight_of_nine_inactive_graphs_and_defers_the_lifecycle_one (test_ui.UiTests.test_imports_eight_of_nine_inactive_graphs_and_defers_the_lifecycle_one) ... ok
test_live_browser_opens_only_after_bridge_is_ready (test_ui.UiTests.test_live_browser_opens_only_after_bridge_is_ready) ... ok
test_live_open_creates_fresh_copy_with_exact_overlay_and_derived_cap (test_ui.UiTests.test_live_open_creates_fresh_copy_with_exact_overlay_and_derived_cap) ... ok
test_malformed_config_fails_locally_and_view_ignores_wrapper_identity (test_ui.UiTests.test_malformed_config_fails_locally_and_view_ignores_wrapper_identity) ... ok
test_missing_preparation_is_actionable_before_any_network_request (test_ui.UiTests.test_missing_preparation_is_actionable_before_any_network_request) ... ok
test_open_reuses_post_import_identity_and_preserves_user_edits (test_ui.UiTests.test_open_reuses_post_import_identity_and_preserves_user_edits) ... ok
test_preparing_a_live_graph_freezes_exact_inputs_and_a_single_run_cap (test_ui.UiTests.test_preparing_a_live_graph_freezes_exact_inputs_and_a_single_run_cap) ... ok
test_business_result_does_not_require_an_engine (test_verification_contract.VerificationContractTests.test_business_result_does_not_require_an_engine) ... ok
test_corruption_probes_still_reject_output_trace_and_missing_native_result (test_verification_contract.VerificationContractTests.test_corruption_probes_still_reject_output_trace_and_missing_native_result) ... ok
test_engine_success_does_not_imply_acceptance (test_verification_contract.VerificationContractTests.test_engine_success_does_not_imply_acceptance) ... ok
test_legacy_reports_keep_their_strict_provenance_path (test_verification_contract.VerificationContractTests.test_legacy_reports_keep_their_strict_provenance_path) ... ok
test_native_timing_constraints_survive_verifier_split (test_verification_contract.VerificationContractTests.test_native_timing_constraints_survive_verifier_split) ... ok
test_new_reports_require_explicit_matching_native_engine (test_verification_contract.VerificationContractTests.test_new_reports_require_explicit_matching_native_engine) ... ok
test_activation_requires_exact_revision (test_workflows.LabTests.test_activation_requires_exact_revision) ... ok
test_actor_operation_restriction (test_workflows.LabTests.test_actor_operation_restriction) ... ok
test_all_configs_pass_profile_checks (test_workflows.LabTests.test_all_configs_pass_profile_checks) ... ok
test_conditional_output_needs_explicit_optional_reference (test_workflows.LabTests.test_conditional_output_needs_explicit_optional_reference) ... ok
test_cycle_is_rejected (test_workflows.LabTests.test_cycle_is_rejected) ... ok
test_duplicate_ids_and_keys_are_rejected (test_workflows.LabTests.test_duplicate_ids_and_keys_are_rejected) ... ok
test_invoice_fixture_counts_each_invoice_once (test_workflows.LabTests.test_invoice_fixture_counts_each_invoice_once) ... ok
test_invoice_new_input_and_zero_amount (test_workflows.LabTests.test_invoice_new_input_and_zero_amount) ... ok
test_invoice_rejects_invalid_batches (test_workflows.LabTests.test_invoice_rejects_invalid_batches) ... ok
test_live_compiler_emits_exclusive_guard_and_fail_closed_transport (test_workflows.LabTests.test_live_compiler_emits_exclusive_guard_and_fail_closed_transport) ... ok
test_live_guard_skips_without_resolving_inputs_or_call_request (test_workflows.LabTests.test_live_guard_skips_without_resolving_inputs_or_call_request) ... ok
test_live_requires_explicit_deployment_and_supported_catalog_schema (test_workflows.LabTests.test_live_requires_explicit_deployment_and_supported_catalog_schema) ... ok
test_live_response_restores_envelope_and_checks_contract (test_workflows.LabTests.test_live_response_restores_envelope_and_checks_contract) ... ok
test_missing_conditional_branch_token_is_an_error (test_workflows.LabTests.test_missing_conditional_branch_token_is_an_error) ... ok
test_missing_input_fails_instead_of_producing_result (test_workflows.LabTests.test_missing_input_fails_instead_of_producing_result) ... ok
test_missing_join_input_is_not_an_optional_skip (test_workflows.LabTests.test_missing_join_input_is_not_an_optional_skip) ... ok
test_nested_live_output_contract_rejects_invalid_evidence (test_workflows.LabTests.test_nested_live_output_contract_rejects_invalid_evidence) ... ok
test_pipeline_forbids_llm (test_workflows.LabTests.test_pipeline_forbids_llm) ... ok
test_references_require_existing_ancestor_and_field (test_workflows.LabTests.test_references_require_existing_ancestor_and_field) ... ok
test_refinement_must_be_bounded (test_workflows.LabTests.test_refinement_must_be_bounded) ... ok
test_research_join_preserves_both_sources (test_workflows.LabTests.test_research_join_preserves_both_sources) ... ok
test_research_output_independent_of_root_order (test_workflows.LabTests.test_research_output_independent_of_root_order) ... ok
test_ticket_priority_boundary_and_skipped_branch (test_workflows.LabTests.test_ticket_priority_boundary_and_skipped_branch) ... ok
test_ticket_rejects_bad_overdue_days (test_workflows.LabTests.test_ticket_rejects_bad_overdue_days) ... ok
test_unknown_operation_is_rejected (test_workflows.LabTests.test_unknown_operation_is_rejected) ... ok
test_unsupported_semantics_rejected_by_backend (test_workflows.LabTests.test_unsupported_semantics_rejected_by_backend) ... ok

----------------------------------------------------------------------
Ran 423 tests in 26.144s

OK
[2/5] ruff check
All checks passed!
[3/5] ruff format
118 files already formatted
[4/5] mypy
Success: no issues found in 65 source files
[5/5] distribution
Building source distribution...
Building wheel from source distribution...
Successfully built /var/folders/97/80rddxm51750bvdn9k9fnv2w0000gn/T/sapi-distribution-r8lse7td/dist/sapi_config_lab-0.2.0.tar.gz
Successfully built /var/folders/97/80rddxm51750bvdn9k9fnv2w0000gn/T/sapi-distribution-r8lse7td/dist/sapi_config_lab-0.2.0-py3-none-any.whl
{"status": "passed", "private_sentinels_excluded": 10, "sdist_files": 221, "wheel_files": 58}
check passed
